Archive member included to satisfy reference by file (symbol)

c:/st/stm32cubeide_1.4.0/stm32cubeide/plugins/com.st.stm32cube.ide.mcu.externaltools.gnu-tools-for-stm32.7-2018-q2-update.win32_1.4.0.202007081208/tools/bin/../lib/gcc/arm-none-eabi/7.3.1/../../../../arm-none-eabi/lib/thumb/v7-m\libc_nano.a(lib_a-errno.o)
                              Src/syscalls.o (__errno)
c:/st/stm32cubeide_1.4.0/stm32cubeide/plugins/com.st.stm32cube.ide.mcu.externaltools.gnu-tools-for-stm32.7-2018-q2-update.win32_1.4.0.202007081208/tools/bin/../lib/gcc/arm-none-eabi/7.3.1/../../../../arm-none-eabi/lib/thumb/v7-m\libc_nano.a(lib_a-exit.o)
                              c:/st/stm32cubeide_1.4.0/stm32cubeide/plugins/com.st.stm32cube.ide.mcu.externaltools.gnu-tools-for-stm32.7-2018-q2-update.win32_1.4.0.202007081208/tools/bin/../lib/gcc/arm-none-eabi/7.3.1/../../../../arm-none-eabi/lib/thumb/v7-m/crt0.o (exit)
c:/st/stm32cubeide_1.4.0/stm32cubeide/plugins/com.st.stm32cube.ide.mcu.externaltools.gnu-tools-for-stm32.7-2018-q2-update.win32_1.4.0.202007081208/tools/bin/../lib/gcc/arm-none-eabi/7.3.1/../../../../arm-none-eabi/lib/thumb/v7-m\libc_nano.a(lib_a-impure.o)
                              c:/st/stm32cubeide_1.4.0/stm32cubeide/plugins/com.st.stm32cube.ide.mcu.externaltools.gnu-tools-for-stm32.7-2018-q2-update.win32_1.4.0.202007081208/tools/bin/../lib/gcc/arm-none-eabi/7.3.1/../../../../arm-none-eabi/lib/thumb/v7-m\libc_nano.a(lib_a-exit.o) (_global_impure_ptr)
c:/st/stm32cubeide_1.4.0/stm32cubeide/plugins/com.st.stm32cube.ide.mcu.externaltools.gnu-tools-for-stm32.7-2018-q2-update.win32_1.4.0.202007081208/tools/bin/../lib/gcc/arm-none-eabi/7.3.1/../../../../arm-none-eabi/lib/thumb/v7-m\libc_nano.a(lib_a-init.o)
                              c:/st/stm32cubeide_1.4.0/stm32cubeide/plugins/com.st.stm32cube.ide.mcu.externaltools.gnu-tools-for-stm32.7-2018-q2-update.win32_1.4.0.202007081208/tools/bin/../lib/gcc/arm-none-eabi/7.3.1/../../../../arm-none-eabi/lib/thumb/v7-m/crt0.o (__libc_init_array)
c:/st/stm32cubeide_1.4.0/stm32cubeide/plugins/com.st.stm32cube.ide.mcu.externaltools.gnu-tools-for-stm32.7-2018-q2-update.win32_1.4.0.202007081208/tools/bin/../lib/gcc/arm-none-eabi/7.3.1/../../../../arm-none-eabi/lib/thumb/v7-m\libc_nano.a(lib_a-memset.o)
                              c:/st/stm32cubeide_1.4.0/stm32cubeide/plugins/com.st.stm32cube.ide.mcu.externaltools.gnu-tools-for-stm32.7-2018-q2-update.win32_1.4.0.202007081208/tools/bin/../lib/gcc/arm-none-eabi/7.3.1/../../../../arm-none-eabi/lib/thumb/v7-m/crt0.o (memset)

Allocating common symbols
Common symbol       size              file

GP_IRQ_CallBack     0x3c              Stm32_F103C8_Drivers/stm32f103x8_EXTI_driver.o

Discarded input sections

 .text          0x0000000000000000        0x0 c:/st/stm32cubeide_1.4.0/stm32cubeide/plugins/com.st.stm32cube.ide.mcu.externaltools.gnu-tools-for-stm32.7-2018-q2-update.win32_1.4.0.202007081208/tools/bin/../lib/gcc/arm-none-eabi/7.3.1/thumb/v7-m/crti.o
 .data          0x0000000000000000        0x0 c:/st/stm32cubeide_1.4.0/stm32cubeide/plugins/com.st.stm32cube.ide.mcu.externaltools.gnu-tools-for-stm32.7-2018-q2-update.win32_1.4.0.202007081208/tools/bin/../lib/gcc/arm-none-eabi/7.3.1/thumb/v7-m/crti.o
 .bss           0x0000000000000000        0x0 c:/st/stm32cubeide_1.4.0/stm32cubeide/plugins/com.st.stm32cube.ide.mcu.externaltools.gnu-tools-for-stm32.7-2018-q2-update.win32_1.4.0.202007081208/tools/bin/../lib/gcc/arm-none-eabi/7.3.1/thumb/v7-m/crti.o
 .data          0x0000000000000000        0x4 c:/st/stm32cubeide_1.4.0/stm32cubeide/plugins/com.st.stm32cube.ide.mcu.externaltools.gnu-tools-for-stm32.7-2018-q2-update.win32_1.4.0.202007081208/tools/bin/../lib/gcc/arm-none-eabi/7.3.1/thumb/v7-m/crtbegin.o
 .text          0x0000000000000000       0x74 c:/st/stm32cubeide_1.4.0/stm32cubeide/plugins/com.st.stm32cube.ide.mcu.externaltools.gnu-tools-for-stm32.7-2018-q2-update.win32_1.4.0.202007081208/tools/bin/../lib/gcc/arm-none-eabi/7.3.1/../../../../arm-none-eabi/lib/thumb/v7-m/crt0.o
 .data          0x0000000000000000        0x0 c:/st/stm32cubeide_1.4.0/stm32cubeide/plugins/com.st.stm32cube.ide.mcu.externaltools.gnu-tools-for-stm32.7-2018-q2-update.win32_1.4.0.202007081208/tools/bin/../lib/gcc/arm-none-eabi/7.3.1/../../../../arm-none-eabi/lib/thumb/v7-m/crt0.o
 .bss           0x0000000000000000        0x0 c:/st/stm32cubeide_1.4.0/stm32cubeide/plugins/com.st.stm32cube.ide.mcu.externaltools.gnu-tools-for-stm32.7-2018-q2-update.win32_1.4.0.202007081208/tools/bin/../lib/gcc/arm-none-eabi/7.3.1/../../../../arm-none-eabi/lib/thumb/v7-m/crt0.o
 .ARM.extab     0x0000000000000000        0x0 c:/st/stm32cubeide_1.4.0/stm32cubeide/plugins/com.st.stm32cube.ide.mcu.externaltools.gnu-tools-for-stm32.7-2018-q2-update.win32_1.4.0.202007081208/tools/bin/../lib/gcc/arm-none-eabi/7.3.1/../../../../arm-none-eabi/lib/thumb/v7-m/crt0.o
 .ARM.exidx     0x0000000000000000        0x8 c:/st/stm32cubeide_1.4.0/stm32cubeide/plugins/com.st.stm32cube.ide.mcu.externaltools.gnu-tools-for-stm32.7-2018-q2-update.win32_1.4.0.202007081208/tools/bin/../lib/gcc/arm-none-eabi/7.3.1/../../../../arm-none-eabi/lib/thumb/v7-m/crt0.o
 .ARM.attributes
                0x0000000000000000       0x1b c:/st/stm32cubeide_1.4.0/stm32cubeide/plugins/com.st.stm32cube.ide.mcu.externaltools.gnu-tools-for-stm32.7-2018-q2-update.win32_1.4.0.202007081208/tools/bin/../lib/gcc/arm-none-eabi/7.3.1/../../../../arm-none-eabi/lib/thumb/v7-m/crt0.o
 .group         0x0000000000000000        0xc Src/main.o
 .group         0x0000000000000000        0xc Src/main.o
 .group         0x0000000000000000        0xc Src/main.o
 .group         0x0000000000000000        0xc Src/main.o
 .group         0x0000000000000000        0xc Src/main.o
 .group         0x0000000000000000        0xc Src/main.o
 .group         0x0000000000000000        0xc Src/main.o
 .group         0x0000000000000000        0xc Src/main.o
 .group         0x0000000000000000        0xc Src/main.o
 .group         0x0000000000000000        0xc Src/main.o
 .group         0x0000000000000000        0xc Src/main.o
 .group         0x0000000000000000        0xc Src/main.o
 .group         0x0000000000000000        0xc Src/main.o
 .group         0x0000000000000000        0xc Src/main.o
 .group         0x0000000000000000        0xc Src/main.o
 .group         0x0000000000000000        0xc Src/main.o
 .group         0x0000000000000000        0xc Src/main.o
 .group         0x0000000000000000        0xc Src/main.o
 .group         0x0000000000000000        0xc Src/main.o
 .group         0x0000000000000000        0xc Src/main.o
 .group         0x0000000000000000        0xc Src/main.o
 .group         0x0000000000000000        0xc Src/main.o
 .group         0x0000000000000000        0xc Src/main.o
 .group         0x0000000000000000        0xc Src/main.o
 .text          0x0000000000000000        0x0 Src/main.o
 .data          0x0000000000000000        0x0 Src/main.o
 .bss           0x0000000000000000        0x0 Src/main.o
 .group         0x0000000000000000        0xc Src/syscalls.o
 .group         0x0000000000000000        0xc Src/syscalls.o
 .group         0x0000000000000000        0xc Src/syscalls.o
 .group         0x0000000000000000        0xc Src/syscalls.o
 .group         0x0000000000000000        0xc Src/syscalls.o
 .group         0x0000000000000000        0xc Src/syscalls.o
 .group         0x0000000000000000        0xc Src/syscalls.o
 .group         0x0000000000000000        0xc Src/syscalls.o
 .group         0x0000000000000000        0xc Src/syscalls.o
 .group         0x0000000000000000        0xc Src/syscalls.o
 .group         0x0000000000000000        0xc Src/syscalls.o
 .group         0x0000000000000000        0xc Src/syscalls.o
 .group         0x0000000000000000        0xc Src/syscalls.o
 .group         0x0000000000000000        0xc Src/syscalls.o
 .group         0x0000000000000000        0xc Src/syscalls.o
 .group         0x0000000000000000        0xc Src/syscalls.o
 .group         0x0000000000000000        0xc Src/syscalls.o
 .group         0x0000000000000000        0xc Src/syscalls.o
 .group         0x0000000000000000        0xc Src/syscalls.o
 .group         0x0000000000000000        0xc Src/syscalls.o
 .group         0x0000000000000000        0xc Src/syscalls.o
 .group         0x0000000000000000        0xc Src/syscalls.o
 .group         0x0000000000000000        0xc Src/syscalls.o
 .group         0x0000000000000000        0xc Src/syscalls.o
 .group         0x0000000000000000        0xc Src/syscalls.o
 .group         0x0000000000000000        0xc Src/syscalls.o
 .group         0x0000000000000000        0xc Src/syscalls.o
 .group         0x0000000000000000        0xc Src/syscalls.o
 .group         0x0000000000000000        0xc Src/syscalls.o
 .group         0x0000000000000000        0xc Src/syscalls.o
 .group         0x0000000000000000        0xc Src/syscalls.o
 .group         0x0000000000000000        0xc Src/syscalls.o
 .group         0x0000000000000000        0xc Src/syscalls.o
 .group         0x0000000000000000        0xc Src/syscalls.o
 .group         0x0000000000000000        0xc Src/syscalls.o
 .group         0x0000000000000000        0xc Src/syscalls.o
 .group         0x0000000000000000        0xc Src/syscalls.o
 .group         0x0000000000000000        0xc Src/syscalls.o
 .group         0x0000000000000000        0xc Src/syscalls.o
 .group         0x0000000000000000        0xc Src/syscalls.o
 .group         0x0000000000000000        0xc Src/syscalls.o
 .group         0x0000000000000000        0xc Src/syscalls.o
 .group         0x0000000000000000        0xc Src/syscalls.o
 .group         0x0000000000000000        0xc Src/syscalls.o
 .text          0x0000000000000000        0x0 Src/syscalls.o
 .data          0x0000000000000000        0x0 Src/syscalls.o
 .bss           0x0000000000000000        0x0 Src/syscalls.o
 .bss.__env     0x0000000000000000        0x4 Src/syscalls.o
 .data.environ  0x0000000000000000        0x4 Src/syscalls.o
 .text.initialise_monitor_handles
                0x0000000000000000        0xc Src/syscalls.o
 .text._getpid  0x0000000000000000        0xe Src/syscalls.o
 .text._kill    0x0000000000000000       0x20 Src/syscalls.o
 .text._exit    0x0000000000000000       0x14 Src/syscalls.o
 .text._read    0x0000000000000000       0x3a Src/syscalls.o
 .text._write   0x0000000000000000       0x38 Src/syscalls.o
 .text._close   0x0000000000000000       0x16 Src/syscalls.o
 .text._fstat   0x0000000000000000       0x1e Src/syscalls.o
 .text._isatty  0x0000000000000000       0x14 Src/syscalls.o
 .text._lseek   0x0000000000000000       0x18 Src/syscalls.o
 .text._open    0x0000000000000000       0x1a Src/syscalls.o
 .text._wait    0x0000000000000000       0x1e Src/syscalls.o
 .text._unlink  0x0000000000000000       0x1e Src/syscalls.o
 .text._times   0x0000000000000000       0x16 Src/syscalls.o
 .text._stat    0x0000000000000000       0x1e Src/syscalls.o
 .text._link    0x0000000000000000       0x20 Src/syscalls.o
 .text._fork    0x0000000000000000       0x16 Src/syscalls.o
 .text._execve  0x0000000000000000       0x22 Src/syscalls.o
 .debug_info    0x0000000000000000      0xebd Src/syscalls.o
 .debug_abbrev  0x0000000000000000      0x261 Src/syscalls.o
 .debug_aranges
                0x0000000000000000       0xa8 Src/syscalls.o
 .debug_ranges  0x0000000000000000       0x98 Src/syscalls.o
 .debug_macro   0x0000000000000000      0x243 Src/syscalls.o
 .debug_macro   0x0000000000000000      0xa60 Src/syscalls.o
 .debug_macro   0x0000000000000000       0x22 Src/syscalls.o
 .debug_macro   0x0000000000000000       0x40 Src/syscalls.o
 .debug_macro   0x0000000000000000       0x18 Src/syscalls.o
 .debug_macro   0x0000000000000000       0x94 Src/syscalls.o
 .debug_macro   0x0000000000000000       0x3c Src/syscalls.o
 .debug_macro   0x0000000000000000       0x34 Src/syscalls.o
 .debug_macro   0x0000000000000000       0x57 Src/syscalls.o
 .debug_macro   0x0000000000000000      0x174 Src/syscalls.o
 .debug_macro   0x0000000000000000      0x330 Src/syscalls.o
 .debug_macro   0x0000000000000000       0x52 Src/syscalls.o
 .debug_macro   0x0000000000000000       0x1f Src/syscalls.o
 .debug_macro   0x0000000000000000       0x43 Src/syscalls.o
 .debug_macro   0x0000000000000000       0x20 Src/syscalls.o
 .debug_macro   0x0000000000000000      0x1a3 Src/syscalls.o
 .debug_macro   0x0000000000000000       0x10 Src/syscalls.o
 .debug_macro   0x0000000000000000       0x35 Src/syscalls.o
 .debug_macro   0x0000000000000000       0x10 Src/syscalls.o
 .debug_macro   0x0000000000000000       0x10 Src/syscalls.o
 .debug_macro   0x0000000000000000       0x10 Src/syscalls.o
 .debug_macro   0x0000000000000000       0x6a Src/syscalls.o
 .debug_macro   0x0000000000000000       0x1c Src/syscalls.o
 .debug_macro   0x0000000000000000       0x52 Src/syscalls.o
 .debug_macro   0x0000000000000000       0x40 Src/syscalls.o
 .debug_macro   0x0000000000000000       0x10 Src/syscalls.o
 .debug_macro   0x0000000000000000       0x40 Src/syscalls.o
 .debug_macro   0x0000000000000000       0xd7 Src/syscalls.o
 .debug_macro   0x0000000000000000       0x1c Src/syscalls.o
 .debug_macro   0x0000000000000000       0x3d Src/syscalls.o
 .debug_macro   0x0000000000000000       0x35 Src/syscalls.o
 .debug_macro   0x0000000000000000      0x122 Src/syscalls.o
 .debug_macro   0x0000000000000000       0x16 Src/syscalls.o
 .debug_macro   0x0000000000000000       0x16 Src/syscalls.o
 .debug_macro   0x0000000000000000       0x29 Src/syscalls.o
 .debug_macro   0x0000000000000000       0x10 Src/syscalls.o
 .debug_macro   0x0000000000000000      0x241 Src/syscalls.o
 .debug_macro   0x0000000000000000       0x1c Src/syscalls.o
 .debug_macro   0x0000000000000000       0x10 Src/syscalls.o
 .debug_macro   0x0000000000000000       0x10 Src/syscalls.o
 .debug_macro   0x0000000000000000       0x16 Src/syscalls.o
 .debug_macro   0x0000000000000000      0x145 Src/syscalls.o
 .debug_macro   0x0000000000000000      0x189 Src/syscalls.o
 .debug_macro   0x0000000000000000       0x16 Src/syscalls.o
 .debug_macro   0x0000000000000000       0x88 Src/syscalls.o
 .debug_line    0x0000000000000000      0x739 Src/syscalls.o
 .debug_str     0x0000000000000000     0x886b Src/syscalls.o
 .comment       0x0000000000000000       0x7c Src/syscalls.o
 .debug_frame   0x0000000000000000      0x2ac Src/syscalls.o
 .ARM.attributes
                0x0000000000000000       0x33 Src/syscalls.o
 .group         0x0000000000000000        0xc Src/sysmem.o
 .group         0x0000000000000000        0xc Src/sysmem.o
 .group         0x0000000000000000        0xc Src/sysmem.o
 .group         0x0000000000000000        0xc Src/sysmem.o
 .group         0x0000000000000000        0xc Src/sysmem.o
 .group         0x0000000000000000        0xc Src/sysmem.o
 .group         0x0000000000000000        0xc Src/sysmem.o
 .group         0x0000000000000000        0xc Src/sysmem.o
 .group         0x0000000000000000        0xc Src/sysmem.o
 .group         0x0000000000000000        0xc Src/sysmem.o
 .group         0x0000000000000000        0xc Src/sysmem.o
 .group         0x0000000000000000        0xc Src/sysmem.o
 .group         0x0000000000000000        0xc Src/sysmem.o
 .group         0x0000000000000000        0xc Src/sysmem.o
 .group         0x0000000000000000        0xc Src/sysmem.o
 .group         0x0000000000000000        0xc Src/sysmem.o
 .group         0x0000000000000000        0xc Src/sysmem.o
 .group         0x0000000000000000        0xc Src/sysmem.o
 .group         0x0000000000000000        0xc Src/sysmem.o
 .text          0x0000000000000000        0x0 Src/sysmem.o
 .data          0x0000000000000000        0x0 Src/sysmem.o
 .bss           0x0000000000000000        0x0 Src/sysmem.o
 .bss.__sbrk_heap_end
                0x0000000000000000        0x4 Src/sysmem.o
 .text._sbrk    0x0000000000000000       0x6c Src/sysmem.o
 .debug_info    0x0000000000000000      0x985 Src/sysmem.o
 .debug_abbrev  0x0000000000000000      0x19b Src/sysmem.o
 .debug_aranges
                0x0000000000000000       0x20 Src/sysmem.o
 .debug_ranges  0x0000000000000000       0x10 Src/sysmem.o
 .debug_macro   0x0000000000000000       0xee Src/sysmem.o
 .debug_macro   0x0000000000000000      0xa60 Src/sysmem.o
 .debug_macro   0x0000000000000000       0x10 Src/sysmem.o
 .debug_macro   0x0000000000000000       0x22 Src/sysmem.o
 .debug_macro   0x0000000000000000       0x40 Src/sysmem.o
 .debug_macro   0x0000000000000000       0x18 Src/sysmem.o
 .debug_macro   0x0000000000000000       0x94 Src/sysmem.o
 .debug_macro   0x0000000000000000       0x3c Src/sysmem.o
 .debug_macro   0x0000000000000000       0x34 Src/sysmem.o
 .debug_macro   0x0000000000000000      0x174 Src/sysmem.o
 .debug_macro   0x0000000000000000       0x57 Src/sysmem.o
 .debug_macro   0x0000000000000000       0x52 Src/sysmem.o
 .debug_macro   0x0000000000000000       0x1f Src/sysmem.o
 .debug_macro   0x0000000000000000       0x43 Src/sysmem.o
 .debug_macro   0x0000000000000000       0x20 Src/sysmem.o
 .debug_macro   0x0000000000000000      0x1a3 Src/sysmem.o
 .debug_macro   0x0000000000000000      0x23b Src/sysmem.o
 .debug_macro   0x0000000000000000       0xef Src/sysmem.o
 .debug_macro   0x0000000000000000       0x6a Src/sysmem.o
 .debug_macro   0x0000000000000000      0x1df Src/sysmem.o
 .debug_line    0x0000000000000000      0x4c2 Src/sysmem.o
 .debug_str     0x0000000000000000     0x5f39 Src/sysmem.o
 .comment       0x0000000000000000       0x7c Src/sysmem.o
 .debug_frame   0x0000000000000000       0x34 Src/sysmem.o
 .ARM.attributes
                0x0000000000000000       0x33 Src/sysmem.o
 .text          0x0000000000000000       0x14 Startup/startup_stm32f103c6tx.o
 .data          0x0000000000000000        0x0 Startup/startup_stm32f103c6tx.o
 .bss           0x0000000000000000        0x0 Startup/startup_stm32f103c6tx.o
 .group         0x0000000000000000        0xc Stm32_F103C8_Drivers/stm32f103x8_EXTI_driver.o
 .group         0x0000000000000000        0xc Stm32_F103C8_Drivers/stm32f103x8_EXTI_driver.o
 .group         0x0000000000000000        0xc Stm32_F103C8_Drivers/stm32f103x8_EXTI_driver.o
 .group         0x0000000000000000        0xc Stm32_F103C8_Drivers/stm32f103x8_EXTI_driver.o
 .group         0x0000000000000000        0xc Stm32_F103C8_Drivers/stm32f103x8_EXTI_driver.o
 .group         0x0000000000000000        0xc Stm32_F103C8_Drivers/stm32f103x8_EXTI_driver.o
 .group         0x0000000000000000        0xc Stm32_F103C8_Drivers/stm32f103x8_EXTI_driver.o
 .group         0x0000000000000000        0xc Stm32_F103C8_Drivers/stm32f103x8_EXTI_driver.o
 .group         0x0000000000000000        0xc Stm32_F103C8_Drivers/stm32f103x8_EXTI_driver.o
 .group         0x0000000000000000        0xc Stm32_F103C8_Drivers/stm32f103x8_EXTI_driver.o
 .group         0x0000000000000000        0xc Stm32_F103C8_Drivers/stm32f103x8_EXTI_driver.o
 .group         0x0000000000000000        0xc Stm32_F103C8_Drivers/stm32f103x8_EXTI_driver.o
 .group         0x0000000000000000        0xc Stm32_F103C8_Drivers/stm32f103x8_EXTI_driver.o
 .group         0x0000000000000000        0xc Stm32_F103C8_Drivers/stm32f103x8_EXTI_driver.o
 .group         0x0000000000000000        0xc Stm32_F103C8_Drivers/stm32f103x8_EXTI_driver.o
 .group         0x0000000000000000        0xc Stm32_F103C8_Drivers/stm32f103x8_EXTI_driver.o
 .group         0x0000000000000000        0xc Stm32_F103C8_Drivers/stm32f103x8_EXTI_driver.o
 .group         0x0000000000000000        0xc Stm32_F103C8_Drivers/stm32f103x8_EXTI_driver.o
 .group         0x0000000000000000        0xc Stm32_F103C8_Drivers/stm32f103x8_EXTI_driver.o
 .group         0x0000000000000000        0xc Stm32_F103C8_Drivers/stm32f103x8_EXTI_driver.o
 .group         0x0000000000000000        0xc Stm32_F103C8_Drivers/stm32f103x8_EXTI_driver.o
 .group         0x0000000000000000        0xc Stm32_F103C8_Drivers/stm32f103x8_EXTI_driver.o
 .group         0x0000000000000000        0xc Stm32_F103C8_Drivers/stm32f103x8_EXTI_driver.o
 .group         0x0000000000000000        0xc Stm32_F103C8_Drivers/stm32f103x8_EXTI_driver.o
 .group         0x0000000000000000        0xc Stm32_F103C8_Drivers/stm32f103x8_EXTI_driver.o
 .text          0x0000000000000000        0x0 Stm32_F103C8_Drivers/stm32f103x8_EXTI_driver.o
 .data          0x0000000000000000        0x0 Stm32_F103C8_Drivers/stm32f103x8_EXTI_driver.o
 .bss           0x0000000000000000        0x0 Stm32_F103C8_Drivers/stm32f103x8_EXTI_driver.o
 .text.Enable_NVIC
                0x0000000000000000       0xcc Stm32_F103C8_Drivers/stm32f103x8_EXTI_driver.o
 .text.Disable_NVIC
                0x0000000000000000       0xcc Stm32_F103C8_Drivers/stm32f103x8_EXTI_driver.o
 .text.Update_EXTI
                0x0000000000000000      0x1d8 Stm32_F103C8_Drivers/stm32f103x8_EXTI_driver.o
 .text.MCAL_EXTI_GPIO_DeInit
                0x0000000000000000       0x94 Stm32_F103C8_Drivers/stm32f103x8_EXTI_driver.o
 .text.MCAL_EXTI_GPIO_Init
                0x0000000000000000       0x16 Stm32_F103C8_Drivers/stm32f103x8_EXTI_driver.o
 .text.MCAL_EXTI_GPIO_Update
                0x0000000000000000       0x16 Stm32_F103C8_Drivers/stm32f103x8_EXTI_driver.o
 .debug_macro   0x0000000000000000      0xa60 Stm32_F103C8_Drivers/stm32f103x8_EXTI_driver.o
 .debug_macro   0x0000000000000000       0x18 Stm32_F103C8_Drivers/stm32f103x8_EXTI_driver.o
 .debug_macro   0x0000000000000000       0x22 Stm32_F103C8_Drivers/stm32f103x8_EXTI_driver.o
 .debug_macro   0x0000000000000000       0x40 Stm32_F103C8_Drivers/stm32f103x8_EXTI_driver.o
 .debug_macro   0x0000000000000000       0x94 Stm32_F103C8_Drivers/stm32f103x8_EXTI_driver.o
 .debug_macro   0x0000000000000000       0x3c Stm32_F103C8_Drivers/stm32f103x8_EXTI_driver.o
 .debug_macro   0x0000000000000000       0x34 Stm32_F103C8_Drivers/stm32f103x8_EXTI_driver.o
 .debug_macro   0x0000000000000000       0x16 Stm32_F103C8_Drivers/stm32f103x8_EXTI_driver.o
 .debug_macro   0x0000000000000000      0x10e Stm32_F103C8_Drivers/stm32f103x8_EXTI_driver.o
 .debug_macro   0x0000000000000000       0x8d Stm32_F103C8_Drivers/stm32f103x8_EXTI_driver.o
 .debug_macro   0x0000000000000000       0x57 Stm32_F103C8_Drivers/stm32f103x8_EXTI_driver.o
 .debug_macro   0x0000000000000000       0x52 Stm32_F103C8_Drivers/stm32f103x8_EXTI_driver.o
 .debug_macro   0x0000000000000000       0x1f Stm32_F103C8_Drivers/stm32f103x8_EXTI_driver.o
 .debug_macro   0x0000000000000000       0x43 Stm32_F103C8_Drivers/stm32f103x8_EXTI_driver.o
 .debug_macro   0x0000000000000000       0x20 Stm32_F103C8_Drivers/stm32f103x8_EXTI_driver.o
 .debug_macro   0x0000000000000000      0x1a3 Stm32_F103C8_Drivers/stm32f103x8_EXTI_driver.o
 .debug_macro   0x0000000000000000      0x330 Stm32_F103C8_Drivers/stm32f103x8_EXTI_driver.o
 .debug_macro   0x0000000000000000       0x16 Stm32_F103C8_Drivers/stm32f103x8_EXTI_driver.o
 .debug_macro   0x0000000000000000       0x29 Stm32_F103C8_Drivers/stm32f103x8_EXTI_driver.o
 .debug_macro   0x0000000000000000       0xef Stm32_F103C8_Drivers/stm32f103x8_EXTI_driver.o
 .debug_macro   0x0000000000000000       0x6a Stm32_F103C8_Drivers/stm32f103x8_EXTI_driver.o
 .debug_macro   0x0000000000000000      0x1df Stm32_F103C8_Drivers/stm32f103x8_EXTI_driver.o
 .debug_macro   0x0000000000000000      0x240 Stm32_F103C8_Drivers/stm32f103x8_EXTI_driver.o
 .group         0x0000000000000000        0xc Stm32_F103C8_Drivers/stm32f103x8_RCC_driver.o
 .group         0x0000000000000000        0xc Stm32_F103C8_Drivers/stm32f103x8_RCC_driver.o
 .group         0x0000000000000000        0xc Stm32_F103C8_Drivers/stm32f103x8_RCC_driver.o
 .group         0x0000000000000000        0xc Stm32_F103C8_Drivers/stm32f103x8_RCC_driver.o
 .group         0x0000000000000000        0xc Stm32_F103C8_Drivers/stm32f103x8_RCC_driver.o
 .group         0x0000000000000000        0xc Stm32_F103C8_Drivers/stm32f103x8_RCC_driver.o
 .group         0x0000000000000000        0xc Stm32_F103C8_Drivers/stm32f103x8_RCC_driver.o
 .group         0x0000000000000000        0xc Stm32_F103C8_Drivers/stm32f103x8_RCC_driver.o
 .group         0x0000000000000000        0xc Stm32_F103C8_Drivers/stm32f103x8_RCC_driver.o
 .group         0x0000000000000000        0xc Stm32_F103C8_Drivers/stm32f103x8_RCC_driver.o
 .group         0x0000000000000000        0xc Stm32_F103C8_Drivers/stm32f103x8_RCC_driver.o
 .group         0x0000000000000000        0xc Stm32_F103C8_Drivers/stm32f103x8_RCC_driver.o
 .group         0x0000000000000000        0xc Stm32_F103C8_Drivers/stm32f103x8_RCC_driver.o
 .group         0x0000000000000000        0xc Stm32_F103C8_Drivers/stm32f103x8_RCC_driver.o
 .group         0x0000000000000000        0xc Stm32_F103C8_Drivers/stm32f103x8_RCC_driver.o
 .group         0x0000000000000000        0xc Stm32_F103C8_Drivers/stm32f103x8_RCC_driver.o
 .group         0x0000000000000000        0xc Stm32_F103C8_Drivers/stm32f103x8_RCC_driver.o
 .group         0x0000000000000000        0xc Stm32_F103C8_Drivers/stm32f103x8_RCC_driver.o
 .group         0x0000000000000000        0xc Stm32_F103C8_Drivers/stm32f103x8_RCC_driver.o
 .group         0x0000000000000000        0xc Stm32_F103C8_Drivers/stm32f103x8_RCC_driver.o
 .group         0x0000000000000000        0xc Stm32_F103C8_Drivers/stm32f103x8_RCC_driver.o
 .group         0x0000000000000000        0xc Stm32_F103C8_Drivers/stm32f103x8_RCC_driver.o
 .group         0x0000000000000000        0xc Stm32_F103C8_Drivers/stm32f103x8_RCC_driver.o
 .group         0x0000000000000000        0xc Stm32_F103C8_Drivers/stm32f103x8_RCC_driver.o
 .text          0x0000000000000000        0x0 Stm32_F103C8_Drivers/stm32f103x8_RCC_driver.o
 .data          0x0000000000000000        0x0 Stm32_F103C8_Drivers/stm32f103x8_RCC_driver.o
 .bss           0x0000000000000000        0x0 Stm32_F103C8_Drivers/stm32f103x8_RCC_driver.o
 .rodata.APBPrescTable
                0x0000000000000000        0x8 Stm32_F103C8_Drivers/stm32f103x8_RCC_driver.o
 .rodata.AHBPrescTable
                0x0000000000000000       0x10 Stm32_F103C8_Drivers/stm32f103x8_RCC_driver.o
 .text.MCAL_RCC_GetSYS_CLCKFreq
                0x0000000000000000       0x3c Stm32_F103C8_Drivers/stm32f103x8_RCC_driver.o
 .text.MCAL_RCC_GetHCLKFreq
                0x0000000000000000       0x28 Stm32_F103C8_Drivers/stm32f103x8_RCC_driver.o
 .text.MCAL_RCC_GetPCLK1Freq
                0x0000000000000000       0x28 Stm32_F103C8_Drivers/stm32f103x8_RCC_driver.o
 .text.MCAL_RCC_GetPCLK2Freq
                0x0000000000000000       0x28 Stm32_F103C8_Drivers/stm32f103x8_RCC_driver.o
 .debug_info    0x0000000000000000      0xa0d Stm32_F103C8_Drivers/stm32f103x8_RCC_driver.o
 .debug_abbrev  0x0000000000000000      0x1a8 Stm32_F103C8_Drivers/stm32f103x8_RCC_driver.o
 .debug_aranges
                0x0000000000000000       0x38 Stm32_F103C8_Drivers/stm32f103x8_RCC_driver.o
 .debug_ranges  0x0000000000000000       0x28 Stm32_F103C8_Drivers/stm32f103x8_RCC_driver.o
 .debug_macro   0x0000000000000000      0x13f Stm32_F103C8_Drivers/stm32f103x8_RCC_driver.o
 .debug_macro   0x0000000000000000      0xa60 Stm32_F103C8_Drivers/stm32f103x8_RCC_driver.o
 .debug_macro   0x0000000000000000       0x18 Stm32_F103C8_Drivers/stm32f103x8_RCC_driver.o
 .debug_macro   0x0000000000000000       0x22 Stm32_F103C8_Drivers/stm32f103x8_RCC_driver.o
 .debug_macro   0x0000000000000000       0x40 Stm32_F103C8_Drivers/stm32f103x8_RCC_driver.o
 .debug_macro   0x0000000000000000       0x94 Stm32_F103C8_Drivers/stm32f103x8_RCC_driver.o
 .debug_macro   0x0000000000000000       0x3c Stm32_F103C8_Drivers/stm32f103x8_RCC_driver.o
 .debug_macro   0x0000000000000000       0x34 Stm32_F103C8_Drivers/stm32f103x8_RCC_driver.o
 .debug_macro   0x0000000000000000       0x16 Stm32_F103C8_Drivers/stm32f103x8_RCC_driver.o
 .debug_macro   0x0000000000000000      0x10e Stm32_F103C8_Drivers/stm32f103x8_RCC_driver.o
 .debug_macro   0x0000000000000000       0x8d Stm32_F103C8_Drivers/stm32f103x8_RCC_driver.o
 .debug_macro   0x0000000000000000       0x57 Stm32_F103C8_Drivers/stm32f103x8_RCC_driver.o
 .debug_macro   0x0000000000000000       0x52 Stm32_F103C8_Drivers/stm32f103x8_RCC_driver.o
 .debug_macro   0x0000000000000000       0x1f Stm32_F103C8_Drivers/stm32f103x8_RCC_driver.o
 .debug_macro   0x0000000000000000       0x43 Stm32_F103C8_Drivers/stm32f103x8_RCC_driver.o
 .debug_macro   0x0000000000000000       0x20 Stm32_F103C8_Drivers/stm32f103x8_RCC_driver.o
 .debug_macro   0x0000000000000000      0x1a3 Stm32_F103C8_Drivers/stm32f103x8_RCC_driver.o
 .debug_macro   0x0000000000000000      0x330 Stm32_F103C8_Drivers/stm32f103x8_RCC_driver.o
 .debug_macro   0x0000000000000000       0x16 Stm32_F103C8_Drivers/stm32f103x8_RCC_driver.o
 .debug_macro   0x0000000000000000       0x29 Stm32_F103C8_Drivers/stm32f103x8_RCC_driver.o
 .debug_macro   0x0000000000000000       0xef Stm32_F103C8_Drivers/stm32f103x8_RCC_driver.o
 .debug_macro   0x0000000000000000       0x6a Stm32_F103C8_Drivers/stm32f103x8_RCC_driver.o
 .debug_macro   0x0000000000000000      0x1df Stm32_F103C8_Drivers/stm32f103x8_RCC_driver.o
 .debug_macro   0x0000000000000000      0x240 Stm32_F103C8_Drivers/stm32f103x8_RCC_driver.o
 .debug_macro   0x0000000000000000       0x10 Stm32_F103C8_Drivers/stm32f103x8_RCC_driver.o
 .debug_line    0x0000000000000000      0x5a1 Stm32_F103C8_Drivers/stm32f103x8_RCC_driver.o
 .debug_str     0x0000000000000000     0x7d0f Stm32_F103C8_Drivers/stm32f103x8_RCC_driver.o
 .comment       0x0000000000000000       0x7c Stm32_F103C8_Drivers/stm32f103x8_RCC_driver.o
 .debug_frame   0x0000000000000000       0x84 Stm32_F103C8_Drivers/stm32f103x8_RCC_driver.o
 .ARM.attributes
                0x0000000000000000       0x33 Stm32_F103C8_Drivers/stm32f103x8_RCC_driver.o
 .group         0x0000000000000000        0xc Stm32_F103C8_Drivers/stm32f103x8_USART_driver.o
 .group         0x0000000000000000        0xc Stm32_F103C8_Drivers/stm32f103x8_USART_driver.o
 .group         0x0000000000000000        0xc Stm32_F103C8_Drivers/stm32f103x8_USART_driver.o
 .group         0x0000000000000000        0xc Stm32_F103C8_Drivers/stm32f103x8_USART_driver.o
 .group         0x0000000000000000        0xc Stm32_F103C8_Drivers/stm32f103x8_USART_driver.o
 .group         0x0000000000000000        0xc Stm32_F103C8_Drivers/stm32f103x8_USART_driver.o
 .group         0x0000000000000000        0xc Stm32_F103C8_Drivers/stm32f103x8_USART_driver.o
 .group         0x0000000000000000        0xc Stm32_F103C8_Drivers/stm32f103x8_USART_driver.o
 .group         0x0000000000000000        0xc Stm32_F103C8_Drivers/stm32f103x8_USART_driver.o
 .group         0x0000000000000000        0xc Stm32_F103C8_Drivers/stm32f103x8_USART_driver.o
 .group         0x0000000000000000        0xc Stm32_F103C8_Drivers/stm32f103x8_USART_driver.o
 .group         0x0000000000000000        0xc Stm32_F103C8_Drivers/stm32f103x8_USART_driver.o
 .group         0x0000000000000000        0xc Stm32_F103C8_Drivers/stm32f103x8_USART_driver.o
 .group         0x0000000000000000        0xc Stm32_F103C8_Drivers/stm32f103x8_USART_driver.o
 .group         0x0000000000000000        0xc Stm32_F103C8_Drivers/stm32f103x8_USART_driver.o
 .group         0x0000000000000000        0xc Stm32_F103C8_Drivers/stm32f103x8_USART_driver.o
 .group         0x0000000000000000        0xc Stm32_F103C8_Drivers/stm32f103x8_USART_driver.o
 .group         0x0000000000000000        0xc Stm32_F103C8_Drivers/stm32f103x8_USART_driver.o
 .group         0x0000000000000000        0xc Stm32_F103C8_Drivers/stm32f103x8_USART_driver.o
 .group         0x0000000000000000        0xc Stm32_F103C8_Drivers/stm32f103x8_USART_driver.o
 .group         0x0000000000000000        0xc Stm32_F103C8_Drivers/stm32f103x8_USART_driver.o
 .group         0x0000000000000000        0xc Stm32_F103C8_Drivers/stm32f103x8_USART_driver.o
 .group         0x0000000000000000        0xc Stm32_F103C8_Drivers/stm32f103x8_USART_driver.o
 .group         0x0000000000000000        0xc Stm32_F103C8_Drivers/stm32f103x8_USART_driver.o
 .group         0x0000000000000000        0xc Stm32_F103C8_Drivers/stm32f103x8_USART_driver.o
 .group         0x0000000000000000        0xc Stm32_F103C8_Drivers/stm32f103x8_USART_driver.o
 .text          0x0000000000000000        0x0 Stm32_F103C8_Drivers/stm32f103x8_USART_driver.o
 .data          0x0000000000000000        0x0 Stm32_F103C8_Drivers/stm32f103x8_USART_driver.o
 .bss           0x0000000000000000        0x0 Stm32_F103C8_Drivers/stm32f103x8_USART_driver.o
 .text.MCAL_UART_Init
                0x0000000000000000      0x184 Stm32_F103C8_Drivers/stm32f103x8_USART_driver.o
 .text.MCAL_UART_DeInit
                0x0000000000000000       0x8c Stm32_F103C8_Drivers/stm32f103x8_USART_driver.o
 .text.MCAL_UART_SendData
                0x0000000000000000       0x36 Stm32_F103C8_Drivers/stm32f103x8_USART_driver.o
 .text.MCAL_UART_WAIT_TC
                0x0000000000000000       0x20 Stm32_F103C8_Drivers/stm32f103x8_USART_driver.o
 .text.MCAL_UART_ReceiveData
                0x0000000000000000       0x5c Stm32_F103C8_Drivers/stm32f103x8_USART_driver.o
 .text.MCAL_UART_GPIO_Set_Pins
                0x0000000000000000       0xcc Stm32_F103C8_Drivers/stm32f103x8_USART_driver.o
 .debug_macro   0x0000000000000000      0xa60 Stm32_F103C8_Drivers/stm32f103x8_USART_driver.o
 .debug_macro   0x0000000000000000       0x18 Stm32_F103C8_Drivers/stm32f103x8_USART_driver.o
 .debug_macro   0x0000000000000000       0x22 Stm32_F103C8_Drivers/stm32f103x8_USART_driver.o
 .debug_macro   0x0000000000000000       0x40 Stm32_F103C8_Drivers/stm32f103x8_USART_driver.o
 .debug_macro   0x0000000000000000       0x94 Stm32_F103C8_Drivers/stm32f103x8_USART_driver.o
 .debug_macro   0x0000000000000000       0x3c Stm32_F103C8_Drivers/stm32f103x8_USART_driver.o
 .debug_macro   0x0000000000000000       0x34 Stm32_F103C8_Drivers/stm32f103x8_USART_driver.o
 .debug_macro   0x0000000000000000       0x16 Stm32_F103C8_Drivers/stm32f103x8_USART_driver.o
 .debug_macro   0x0000000000000000      0x10e Stm32_F103C8_Drivers/stm32f103x8_USART_driver.o
 .debug_macro   0x0000000000000000       0x8d Stm32_F103C8_Drivers/stm32f103x8_USART_driver.o
 .debug_macro   0x0000000000000000       0x57 Stm32_F103C8_Drivers/stm32f103x8_USART_driver.o
 .debug_macro   0x0000000000000000       0x52 Stm32_F103C8_Drivers/stm32f103x8_USART_driver.o
 .debug_macro   0x0000000000000000       0x1f Stm32_F103C8_Drivers/stm32f103x8_USART_driver.o
 .debug_macro   0x0000000000000000       0x43 Stm32_F103C8_Drivers/stm32f103x8_USART_driver.o
 .debug_macro   0x0000000000000000       0x20 Stm32_F103C8_Drivers/stm32f103x8_USART_driver.o
 .debug_macro   0x0000000000000000      0x1a3 Stm32_F103C8_Drivers/stm32f103x8_USART_driver.o
 .debug_macro   0x0000000000000000      0x330 Stm32_F103C8_Drivers/stm32f103x8_USART_driver.o
 .debug_macro   0x0000000000000000       0x16 Stm32_F103C8_Drivers/stm32f103x8_USART_driver.o
 .debug_macro   0x0000000000000000       0x29 Stm32_F103C8_Drivers/stm32f103x8_USART_driver.o
 .debug_macro   0x0000000000000000       0xef Stm32_F103C8_Drivers/stm32f103x8_USART_driver.o
 .debug_macro   0x0000000000000000       0x6a Stm32_F103C8_Drivers/stm32f103x8_USART_driver.o
 .debug_macro   0x0000000000000000      0x1df Stm32_F103C8_Drivers/stm32f103x8_USART_driver.o
 .debug_macro   0x0000000000000000      0x240 Stm32_F103C8_Drivers/stm32f103x8_USART_driver.o
 .debug_macro   0x0000000000000000       0xd6 Stm32_F103C8_Drivers/stm32f103x8_USART_driver.o
 .group         0x0000000000000000        0xc Stm32_F103C8_Drivers/stm32f103x8_gpio_driver.o
 .group         0x0000000000000000        0xc Stm32_F103C8_Drivers/stm32f103x8_gpio_driver.o
 .group         0x0000000000000000        0xc Stm32_F103C8_Drivers/stm32f103x8_gpio_driver.o
 .group         0x0000000000000000        0xc Stm32_F103C8_Drivers/stm32f103x8_gpio_driver.o
 .group         0x0000000000000000        0xc Stm32_F103C8_Drivers/stm32f103x8_gpio_driver.o
 .group         0x0000000000000000        0xc Stm32_F103C8_Drivers/stm32f103x8_gpio_driver.o
 .group         0x0000000000000000        0xc Stm32_F103C8_Drivers/stm32f103x8_gpio_driver.o
 .group         0x0000000000000000        0xc Stm32_F103C8_Drivers/stm32f103x8_gpio_driver.o
 .group         0x0000000000000000        0xc Stm32_F103C8_Drivers/stm32f103x8_gpio_driver.o
 .group         0x0000000000000000        0xc Stm32_F103C8_Drivers/stm32f103x8_gpio_driver.o
 .group         0x0000000000000000        0xc Stm32_F103C8_Drivers/stm32f103x8_gpio_driver.o
 .group         0x0000000000000000        0xc Stm32_F103C8_Drivers/stm32f103x8_gpio_driver.o
 .group         0x0000000000000000        0xc Stm32_F103C8_Drivers/stm32f103x8_gpio_driver.o
 .group         0x0000000000000000        0xc Stm32_F103C8_Drivers/stm32f103x8_gpio_driver.o
 .group         0x0000000000000000        0xc Stm32_F103C8_Drivers/stm32f103x8_gpio_driver.o
 .group         0x0000000000000000        0xc Stm32_F103C8_Drivers/stm32f103x8_gpio_driver.o
 .group         0x0000000000000000        0xc Stm32_F103C8_Drivers/stm32f103x8_gpio_driver.o
 .group         0x0000000000000000        0xc Stm32_F103C8_Drivers/stm32f103x8_gpio_driver.o
 .group         0x0000000000000000        0xc Stm32_F103C8_Drivers/stm32f103x8_gpio_driver.o
 .group         0x0000000000000000        0xc Stm32_F103C8_Drivers/stm32f103x8_gpio_driver.o
 .group         0x0000000000000000        0xc Stm32_F103C8_Drivers/stm32f103x8_gpio_driver.o
 .group         0x0000000000000000        0xc Stm32_F103C8_Drivers/stm32f103x8_gpio_driver.o
 .group         0x0000000000000000        0xc Stm32_F103C8_Drivers/stm32f103x8_gpio_driver.o
 .group         0x0000000000000000        0xc Stm32_F103C8_Drivers/stm32f103x8_gpio_driver.o
 .text          0x0000000000000000        0x0 Stm32_F103C8_Drivers/stm32f103x8_gpio_driver.o
 .data          0x0000000000000000        0x0 Stm32_F103C8_Drivers/stm32f103x8_gpio_driver.o
 .bss           0x0000000000000000        0x0 Stm32_F103C8_Drivers/stm32f103x8_gpio_driver.o
 .text.MCAL_GPIO_DeInit
                0x0000000000000000       0xd4 Stm32_F103C8_Drivers/stm32f103x8_gpio_driver.o
 .text.MCAL_GPIO_ReadPort
                0x0000000000000000       0x1a Stm32_F103C8_Drivers/stm32f103x8_gpio_driver.o
 .text.MCAL_GPIO_WritePort
                0x0000000000000000       0x1c Stm32_F103C8_Drivers/stm32f103x8_gpio_driver.o
 .text.MCAL_GPIO_WritePin
                0x0000000000000000       0x2e Stm32_F103C8_Drivers/stm32f103x8_gpio_driver.o
 .text.MCAL_GPIO_LockPin
                0x0000000000000000       0x4e Stm32_F103C8_Drivers/stm32f103x8_gpio_driver.o
 .debug_macro   0x0000000000000000      0xa60 Stm32_F103C8_Drivers/stm32f103x8_gpio_driver.o
 .debug_macro   0x0000000000000000       0x18 Stm32_F103C8_Drivers/stm32f103x8_gpio_driver.o
 .debug_macro   0x0000000000000000       0x22 Stm32_F103C8_Drivers/stm32f103x8_gpio_driver.o
 .debug_macro   0x0000000000000000       0x40 Stm32_F103C8_Drivers/stm32f103x8_gpio_driver.o
 .debug_macro   0x0000000000000000       0x94 Stm32_F103C8_Drivers/stm32f103x8_gpio_driver.o
 .debug_macro   0x0000000000000000       0x3c Stm32_F103C8_Drivers/stm32f103x8_gpio_driver.o
 .debug_macro   0x0000000000000000       0x34 Stm32_F103C8_Drivers/stm32f103x8_gpio_driver.o
 .debug_macro   0x0000000000000000       0x16 Stm32_F103C8_Drivers/stm32f103x8_gpio_driver.o
 .debug_macro   0x0000000000000000      0x10e Stm32_F103C8_Drivers/stm32f103x8_gpio_driver.o
 .debug_macro   0x0000000000000000       0x8d Stm32_F103C8_Drivers/stm32f103x8_gpio_driver.o
 .debug_macro   0x0000000000000000       0x57 Stm32_F103C8_Drivers/stm32f103x8_gpio_driver.o
 .debug_macro   0x0000000000000000       0x52 Stm32_F103C8_Drivers/stm32f103x8_gpio_driver.o
 .debug_macro   0x0000000000000000       0x1f Stm32_F103C8_Drivers/stm32f103x8_gpio_driver.o
 .debug_macro   0x0000000000000000       0x43 Stm32_F103C8_Drivers/stm32f103x8_gpio_driver.o
 .debug_macro   0x0000000000000000       0x20 Stm32_F103C8_Drivers/stm32f103x8_gpio_driver.o
 .debug_macro   0x0000000000000000      0x1a3 Stm32_F103C8_Drivers/stm32f103x8_gpio_driver.o
 .debug_macro   0x0000000000000000      0x330 Stm32_F103C8_Drivers/stm32f103x8_gpio_driver.o
 .debug_macro   0x0000000000000000       0x16 Stm32_F103C8_Drivers/stm32f103x8_gpio_driver.o
 .debug_macro   0x0000000000000000       0x29 Stm32_F103C8_Drivers/stm32f103x8_gpio_driver.o
 .debug_macro   0x0000000000000000       0xef Stm32_F103C8_Drivers/stm32f103x8_gpio_driver.o
 .debug_macro   0x0000000000000000       0x6a Stm32_F103C8_Drivers/stm32f103x8_gpio_driver.o
 .debug_macro   0x0000000000000000      0x1df Stm32_F103C8_Drivers/stm32f103x8_gpio_driver.o
 .debug_macro   0x0000000000000000      0x240 Stm32_F103C8_Drivers/stm32f103x8_gpio_driver.o
 .debug_macro   0x0000000000000000       0xd0 Stm32_F103C8_Drivers/stm32f103x8_gpio_driver.o
 .text          0x0000000000000000        0x0 c:/st/stm32cubeide_1.4.0/stm32cubeide/plugins/com.st.stm32cube.ide.mcu.externaltools.gnu-tools-for-stm32.7-2018-q2-update.win32_1.4.0.202007081208/tools/bin/../lib/gcc/arm-none-eabi/7.3.1/../../../../arm-none-eabi/lib/thumb/v7-m\libc_nano.a(lib_a-errno.o)
 .data          0x0000000000000000        0x0 c:/st/stm32cubeide_1.4.0/stm32cubeide/plugins/com.st.stm32cube.ide.mcu.externaltools.gnu-tools-for-stm32.7-2018-q2-update.win32_1.4.0.202007081208/tools/bin/../lib/gcc/arm-none-eabi/7.3.1/../../../../arm-none-eabi/lib/thumb/v7-m\libc_nano.a(lib_a-errno.o)
 .bss           0x0000000000000000        0x0 c:/st/stm32cubeide_1.4.0/stm32cubeide/plugins/com.st.stm32cube.ide.mcu.externaltools.gnu-tools-for-stm32.7-2018-q2-update.win32_1.4.0.202007081208/tools/bin/../lib/gcc/arm-none-eabi/7.3.1/../../../../arm-none-eabi/lib/thumb/v7-m\libc_nano.a(lib_a-errno.o)
 .text.__errno  0x0000000000000000        0xc c:/st/stm32cubeide_1.4.0/stm32cubeide/plugins/com.st.stm32cube.ide.mcu.externaltools.gnu-tools-for-stm32.7-2018-q2-update.win32_1.4.0.202007081208/tools/bin/../lib/gcc/arm-none-eabi/7.3.1/../../../../arm-none-eabi/lib/thumb/v7-m\libc_nano.a(lib_a-errno.o)
 .debug_frame   0x0000000000000000       0x20 c:/st/stm32cubeide_1.4.0/stm32cubeide/plugins/com.st.stm32cube.ide.mcu.externaltools.gnu-tools-for-stm32.7-2018-q2-update.win32_1.4.0.202007081208/tools/bin/../lib/gcc/arm-none-eabi/7.3.1/../../../../arm-none-eabi/lib/thumb/v7-m\libc_nano.a(lib_a-errno.o)
 .ARM.attributes
                0x0000000000000000       0x2d c:/st/stm32cubeide_1.4.0/stm32cubeide/plugins/com.st.stm32cube.ide.mcu.externaltools.gnu-tools-for-stm32.7-2018-q2-update.win32_1.4.0.202007081208/tools/bin/../lib/gcc/arm-none-eabi/7.3.1/../../../../arm-none-eabi/lib/thumb/v7-m\libc_nano.a(lib_a-errno.o)
 .text          0x0000000000000000        0x0 c:/st/stm32cubeide_1.4.0/stm32cubeide/plugins/com.st.stm32cube.ide.mcu.externaltools.gnu-tools-for-stm32.7-2018-q2-update.win32_1.4.0.202007081208/tools/bin/../lib/gcc/arm-none-eabi/7.3.1/../../../../arm-none-eabi/lib/thumb/v7-m\libc_nano.a(lib_a-exit.o)
 .data          0x0000000000000000        0x0 c:/st/stm32cubeide_1.4.0/stm32cubeide/plugins/com.st.stm32cube.ide.mcu.externaltools.gnu-tools-for-stm32.7-2018-q2-update.win32_1.4.0.202007081208/tools/bin/../lib/gcc/arm-none-eabi/7.3.1/../../../../arm-none-eabi/lib/thumb/v7-m\libc_nano.a(lib_a-exit.o)
 .bss           0x0000000000000000        0x0 c:/st/stm32cubeide_1.4.0/stm32cubeide/plugins/com.st.stm32cube.ide.mcu.externaltools.gnu-tools-for-stm32.7-2018-q2-update.win32_1.4.0.202007081208/tools/bin/../lib/gcc/arm-none-eabi/7.3.1/../../../../arm-none-eabi/lib/thumb/v7-m\libc_nano.a(lib_a-exit.o)
 .text.exit     0x0000000000000000       0x28 c:/st/stm32cubeide_1.4.0/stm32cubeide/plugins/com.st.stm32cube.ide.mcu.externaltools.gnu-tools-for-stm32.7-2018-q2-update.win32_1.4.0.202007081208/tools/bin/../lib/gcc/arm-none-eabi/7.3.1/../../../../arm-none-eabi/lib/thumb/v7-m\libc_nano.a(lib_a-exit.o)
 .debug_frame   0x0000000000000000       0x28 c:/st/stm32cubeide_1.4.0/stm32cubeide/plugins/com.st.stm32cube.ide.mcu.externaltools.gnu-tools-for-stm32.7-2018-q2-update.win32_1.4.0.202007081208/tools/bin/../lib/gcc/arm-none-eabi/7.3.1/../../../../arm-none-eabi/lib/thumb/v7-m\libc_nano.a(lib_a-exit.o)
 .ARM.attributes
                0x0000000000000000       0x2d c:/st/stm32cubeide_1.4.0/stm32cubeide/plugins/com.st.stm32cube.ide.mcu.externaltools.gnu-tools-for-stm32.7-2018-q2-update.win32_1.4.0.202007081208/tools/bin/../lib/gcc/arm-none-eabi/7.3.1/../../../../arm-none-eabi/lib/thumb/v7-m\libc_nano.a(lib_a-exit.o)
 .text          0x0000000000000000        0x0 c:/st/stm32cubeide_1.4.0/stm32cubeide/plugins/com.st.stm32cube.ide.mcu.externaltools.gnu-tools-for-stm32.7-2018-q2-update.win32_1.4.0.202007081208/tools/bin/../lib/gcc/arm-none-eabi/7.3.1/../../../../arm-none-eabi/lib/thumb/v7-m\libc_nano.a(lib_a-impure.o)
 .data          0x0000000000000000        0x0 c:/st/stm32cubeide_1.4.0/stm32cubeide/plugins/com.st.stm32cube.ide.mcu.externaltools.gnu-tools-for-stm32.7-2018-q2-update.win32_1.4.0.202007081208/tools/bin/../lib/gcc/arm-none-eabi/7.3.1/../../../../arm-none-eabi/lib/thumb/v7-m\libc_nano.a(lib_a-impure.o)
 .bss           0x0000000000000000        0x0 c:/st/stm32cubeide_1.4.0/stm32cubeide/plugins/com.st.stm32cube.ide.mcu.externaltools.gnu-tools-for-stm32.7-2018-q2-update.win32_1.4.0.202007081208/tools/bin/../lib/gcc/arm-none-eabi/7.3.1/../../../../arm-none-eabi/lib/thumb/v7-m\libc_nano.a(lib_a-impure.o)
 .data._impure_ptr
                0x0000000000000000        0x4 c:/st/stm32cubeide_1.4.0/stm32cubeide/plugins/com.st.stm32cube.ide.mcu.externaltools.gnu-tools-for-stm32.7-2018-q2-update.win32_1.4.0.202007081208/tools/bin/../lib/gcc/arm-none-eabi/7.3.1/../../../../arm-none-eabi/lib/thumb/v7-m\libc_nano.a(lib_a-impure.o)
 .data.impure_data
                0x0000000000000000       0x60 c:/st/stm32cubeide_1.4.0/stm32cubeide/plugins/com.st.stm32cube.ide.mcu.externaltools.gnu-tools-for-stm32.7-2018-q2-update.win32_1.4.0.202007081208/tools/bin/../lib/gcc/arm-none-eabi/7.3.1/../../../../arm-none-eabi/lib/thumb/v7-m\libc_nano.a(lib_a-impure.o)
 .rodata._global_impure_ptr
                0x0000000000000000        0x4 c:/st/stm32cubeide_1.4.0/stm32cubeide/plugins/com.st.stm32cube.ide.mcu.externaltools.gnu-tools-for-stm32.7-2018-q2-update.win32_1.4.0.202007081208/tools/bin/../lib/gcc/arm-none-eabi/7.3.1/../../../../arm-none-eabi/lib/thumb/v7-m\libc_nano.a(lib_a-impure.o)
 .ARM.attributes
                0x0000000000000000       0x2d c:/st/stm32cubeide_1.4.0/stm32cubeide/plugins/com.st.stm32cube.ide.mcu.externaltools.gnu-tools-for-stm32.7-2018-q2-update.win32_1.4.0.202007081208/tools/bin/../lib/gcc/arm-none-eabi/7.3.1/../../../../arm-none-eabi/lib/thumb/v7-m\libc_nano.a(lib_a-impure.o)
 .text          0x0000000000000000        0x0 c:/st/stm32cubeide_1.4.0/stm32cubeide/plugins/com.st.stm32cube.ide.mcu.externaltools.gnu-tools-for-stm32.7-2018-q2-update.win32_1.4.0.202007081208/tools/bin/../lib/gcc/arm-none-eabi/7.3.1/../../../../arm-none-eabi/lib/thumb/v7-m\libc_nano.a(lib_a-init.o)
 .data          0x0000000000000000        0x0 c:/st/stm32cubeide_1.4.0/stm32cubeide/plugins/com.st.stm32cube.ide.mcu.externaltools.gnu-tools-for-stm32.7-2018-q2-update.win32_1.4.0.202007081208/tools/bin/../lib/gcc/arm-none-eabi/7.3.1/../../../../arm-none-eabi/lib/thumb/v7-m\libc_nano.a(lib_a-init.o)
 .bss           0x0000000000000000        0x0 c:/st/stm32cubeide_1.4.0/stm32cubeide/plugins/com.st.stm32cube.ide.mcu.externaltools.gnu-tools-for-stm32.7-2018-q2-update.win32_1.4.0.202007081208/tools/bin/../lib/gcc/arm-none-eabi/7.3.1/../../../../arm-none-eabi/lib/thumb/v7-m\libc_nano.a(lib_a-init.o)
 .text          0x0000000000000000        0x0 c:/st/stm32cubeide_1.4.0/stm32cubeide/plugins/com.st.stm32cube.ide.mcu.externaltools.gnu-tools-for-stm32.7-2018-q2-update.win32_1.4.0.202007081208/tools/bin/../lib/gcc/arm-none-eabi/7.3.1/../../../../arm-none-eabi/lib/thumb/v7-m\libc_nano.a(lib_a-memset.o)
 .data          0x0000000000000000        0x0 c:/st/stm32cubeide_1.4.0/stm32cubeide/plugins/com.st.stm32cube.ide.mcu.externaltools.gnu-tools-for-stm32.7-2018-q2-update.win32_1.4.0.202007081208/tools/bin/../lib/gcc/arm-none-eabi/7.3.1/../../../../arm-none-eabi/lib/thumb/v7-m\libc_nano.a(lib_a-memset.o)
 .bss           0x0000000000000000        0x0 c:/st/stm32cubeide_1.4.0/stm32cubeide/plugins/com.st.stm32cube.ide.mcu.externaltools.gnu-tools-for-stm32.7-2018-q2-update.win32_1.4.0.202007081208/tools/bin/../lib/gcc/arm-none-eabi/7.3.1/../../../../arm-none-eabi/lib/thumb/v7-m\libc_nano.a(lib_a-memset.o)
 .text.memset   0x0000000000000000       0x10 c:/st/stm32cubeide_1.4.0/stm32cubeide/plugins/com.st.stm32cube.ide.mcu.externaltools.gnu-tools-for-stm32.7-2018-q2-update.win32_1.4.0.202007081208/tools/bin/../lib/gcc/arm-none-eabi/7.3.1/../../../../arm-none-eabi/lib/thumb/v7-m\libc_nano.a(lib_a-memset.o)
 .debug_frame   0x0000000000000000       0x20 c:/st/stm32cubeide_1.4.0/stm32cubeide/plugins/com.st.stm32cube.ide.mcu.externaltools.gnu-tools-for-stm32.7-2018-q2-update.win32_1.4.0.202007081208/tools/bin/../lib/gcc/arm-none-eabi/7.3.1/../../../../arm-none-eabi/lib/thumb/v7-m\libc_nano.a(lib_a-memset.o)
 .ARM.attributes
                0x0000000000000000       0x2d c:/st/stm32cubeide_1.4.0/stm32cubeide/plugins/com.st.stm32cube.ide.mcu.externaltools.gnu-tools-for-stm32.7-2018-q2-update.win32_1.4.0.202007081208/tools/bin/../lib/gcc/arm-none-eabi/7.3.1/../../../../arm-none-eabi/lib/thumb/v7-m\libc_nano.a(lib_a-memset.o)
 .text          0x0000000000000000        0x0 c:/st/stm32cubeide_1.4.0/stm32cubeide/plugins/com.st.stm32cube.ide.mcu.externaltools.gnu-tools-for-stm32.7-2018-q2-update.win32_1.4.0.202007081208/tools/bin/../lib/gcc/arm-none-eabi/7.3.1/thumb/v7-m/crtend.o
 .data          0x0000000000000000        0x0 c:/st/stm32cubeide_1.4.0/stm32cubeide/plugins/com.st.stm32cube.ide.mcu.externaltools.gnu-tools-for-stm32.7-2018-q2-update.win32_1.4.0.202007081208/tools/bin/../lib/gcc/arm-none-eabi/7.3.1/thumb/v7-m/crtend.o
 .bss           0x0000000000000000        0x0 c:/st/stm32cubeide_1.4.0/stm32cubeide/plugins/com.st.stm32cube.ide.mcu.externaltools.gnu-tools-for-stm32.7-2018-q2-update.win32_1.4.0.202007081208/tools/bin/../lib/gcc/arm-none-eabi/7.3.1/thumb/v7-m/crtend.o
 .eh_frame      0x0000000000000000        0x4 c:/st/stm32cubeide_1.4.0/stm32cubeide/plugins/com.st.stm32cube.ide.mcu.externaltools.gnu-tools-for-stm32.7-2018-q2-update.win32_1.4.0.202007081208/tools/bin/../lib/gcc/arm-none-eabi/7.3.1/thumb/v7-m/crtend.o
 .ARM.attributes
                0x0000000000000000       0x2d c:/st/stm32cubeide_1.4.0/stm32cubeide/plugins/com.st.stm32cube.ide.mcu.externaltools.gnu-tools-for-stm32.7-2018-q2-update.win32_1.4.0.202007081208/tools/bin/../lib/gcc/arm-none-eabi/7.3.1/thumb/v7-m/crtend.o
 .text          0x0000000000000000        0x0 c:/st/stm32cubeide_1.4.0/stm32cubeide/plugins/com.st.stm32cube.ide.mcu.externaltools.gnu-tools-for-stm32.7-2018-q2-update.win32_1.4.0.202007081208/tools/bin/../lib/gcc/arm-none-eabi/7.3.1/thumb/v7-m/crtn.o
 .data          0x0000000000000000        0x0 c:/st/stm32cubeide_1.4.0/stm32cubeide/plugins/com.st.stm32cube.ide.mcu.externaltools.gnu-tools-for-stm32.7-2018-q2-update.win32_1.4.0.202007081208/tools/bin/../lib/gcc/arm-none-eabi/7.3.1/thumb/v7-m/crtn.o
 .bss           0x0000000000000000        0x0 c:/st/stm32cubeide_1.4.0/stm32cubeide/plugins/com.st.stm32cube.ide.mcu.externaltools.gnu-tools-for-stm32.7-2018-q2-update.win32_1.4.0.202007081208/tools/bin/../lib/gcc/arm-none-eabi/7.3.1/thumb/v7-m/crtn.o

Memory Configuration

Name             Origin             Length             Attributes
RAM              0x0000000020000000 0x0000000000002800 xrw
ROM              0x0000000008000000 0x0000000000008000 xr
*default*        0x0000000000000000 0xffffffffffffffff

Linker script and memory map

LOAD c:/st/stm32cubeide_1.4.0/stm32cubeide/plugins/com.st.stm32cube.ide.mcu.externaltools.gnu-tools-for-stm32.7-2018-q2-update.win32_1.4.0.202007081208/tools/bin/../lib/gcc/arm-none-eabi/7.3.1/thumb/v7-m/crti.o
LOAD c:/st/stm32cubeide_1.4.0/stm32cubeide/plugins/com.st.stm32cube.ide.mcu.externaltools.gnu-tools-for-stm32.7-2018-q2-update.win32_1.4.0.202007081208/tools/bin/../lib/gcc/arm-none-eabi/7.3.1/thumb/v7-m/crtbegin.o
LOAD c:/st/stm32cubeide_1.4.0/stm32cubeide/plugins/com.st.stm32cube.ide.mcu.externaltools.gnu-tools-for-stm32.7-2018-q2-update.win32_1.4.0.202007081208/tools/bin/../lib/gcc/arm-none-eabi/7.3.1/../../../../arm-none-eabi/lib/thumb/v7-m/crt0.o
LOAD Src/main.o
LOAD Src/syscalls.o
LOAD Src/sysmem.o
LOAD Startup/startup_stm32f103c6tx.o
LOAD Stm32_F103C8_Drivers/stm32f103x8_EXTI_driver.o
LOAD Stm32_F103C8_Drivers/stm32f103x8_RCC_driver.o
LOAD Stm32_F103C8_Drivers/stm32f103x8_USART_driver.o
LOAD Stm32_F103C8_Drivers/stm32f103x8_gpio_driver.o
START GROUP
LOAD c:/st/stm32cubeide_1.4.0/stm32cubeide/plugins/com.st.stm32cube.ide.mcu.externaltools.gnu-tools-for-stm32.7-2018-q2-update.win32_1.4.0.202007081208/tools/bin/../lib/gcc/arm-none-eabi/7.3.1/../../../../arm-none-eabi/lib/thumb/v7-m\libc_nano.a
LOAD c:/st/stm32cubeide_1.4.0/stm32cubeide/plugins/com.st.stm32cube.ide.mcu.externaltools.gnu-tools-for-stm32.7-2018-q2-update.win32_1.4.0.202007081208/tools/bin/../lib/gcc/arm-none-eabi/7.3.1/../../../../arm-none-eabi/lib/thumb/v7-m\libm.a
END GROUP
START GROUP
LOAD c:/st/stm32cubeide_1.4.0/stm32cubeide/plugins/com.st.stm32cube.ide.mcu.externaltools.gnu-tools-for-stm32.7-2018-q2-update.win32_1.4.0.202007081208/tools/bin/../lib/gcc/arm-none-eabi/7.3.1/thumb/v7-m\libgcc.a
LOAD c:/st/stm32cubeide_1.4.0/stm32cubeide/plugins/com.st.stm32cube.ide.mcu.externaltools.gnu-tools-for-stm32.7-2018-q2-update.win32_1.4.0.202007081208/tools/bin/../lib/gcc/arm-none-eabi/7.3.1/../../../../arm-none-eabi/lib/thumb/v7-m\libc_nano.a
END GROUP
START GROUP
LOAD c:/st/stm32cubeide_1.4.0/stm32cubeide/plugins/com.st.stm32cube.ide.mcu.externaltools.gnu-tools-for-stm32.7-2018-q2-update.win32_1.4.0.202007081208/tools/bin/../lib/gcc/arm-none-eabi/7.3.1/thumb/v7-m\libgcc.a
LOAD c:/st/stm32cubeide_1.4.0/stm32cubeide/plugins/com.st.stm32cube.ide.mcu.externaltools.gnu-tools-for-stm32.7-2018-q2-update.win32_1.4.0.202007081208/tools/bin/../lib/gcc/arm-none-eabi/7.3.1/../../../../arm-none-eabi/lib/thumb/v7-m\libc_nano.a
LOAD c:/st/stm32cubeide_1.4.0/stm32cubeide/plugins/com.st.stm32cube.ide.mcu.externaltools.gnu-tools-for-stm32.7-2018-q2-update.win32_1.4.0.202007081208/tools/bin/../lib/gcc/arm-none-eabi/7.3.1/../../../../arm-none-eabi/lib/thumb/v7-m\libnosys.a
END GROUP
START GROUP
LOAD c:/st/stm32cubeide_1.4.0/stm32cubeide/plugins/com.st.stm32cube.ide.mcu.externaltools.gnu-tools-for-stm32.7-2018-q2-update.win32_1.4.0.202007081208/tools/bin/../lib/gcc/arm-none-eabi/7.3.1/thumb/v7-m\libgcc.a
LOAD c:/st/stm32cubeide_1.4.0/stm32cubeide/plugins/com.st.stm32cube.ide.mcu.externaltools.gnu-tools-for-stm32.7-2018-q2-update.win32_1.4.0.202007081208/tools/bin/../lib/gcc/arm-none-eabi/7.3.1/../../../../arm-none-eabi/lib/thumb/v7-m\libc_nano.a
LOAD c:/st/stm32cubeide_1.4.0/stm32cubeide/plugins/com.st.stm32cube.ide.mcu.externaltools.gnu-tools-for-stm32.7-2018-q2-update.win32_1.4.0.202007081208/tools/bin/../lib/gcc/arm-none-eabi/7.3.1/../../../../arm-none-eabi/lib/thumb/v7-m\libnosys.a
END GROUP
LOAD c:/st/stm32cubeide_1.4.0/stm32cubeide/plugins/com.st.stm32cube.ide.mcu.externaltools.gnu-tools-for-stm32.7-2018-q2-update.win32_1.4.0.202007081208/tools/bin/../lib/gcc/arm-none-eabi/7.3.1/thumb/v7-m/crtend.o
LOAD c:/st/stm32cubeide_1.4.0/stm32cubeide/plugins/com.st.stm32cube.ide.mcu.externaltools.gnu-tools-for-stm32.7-2018-q2-update.win32_1.4.0.202007081208/tools/bin/../lib/gcc/arm-none-eabi/7.3.1/thumb/v7-m/crtn.o
                0x0000000020002800                _estack = (ORIGIN (RAM) + LENGTH (RAM))
                0x0000000000000200                _Min_Heap_Size = 0x200
                0x0000000000000400                _Min_Stack_Size = 0x400

.isr_vector     0x0000000008000000      0x130
                0x0000000008000000                . = ALIGN (0x4)
 *(.isr_vector)
 .isr_vector    0x0000000008000000      0x130 Startup/startup_stm32f103c6tx.o
                0x0000000008000000                g_pfnVectors
                0x0000000008000130                . = ALIGN (0x4)

.text           0x0000000008000130      0x670
                0x0000000008000130                . = ALIGN (0x4)
 *(.text)
 .text          0x0000000008000130       0x40 c:/st/stm32cubeide_1.4.0/stm32cubeide/plugins/com.st.stm32cube.ide.mcu.externaltools.gnu-tools-for-stm32.7-2018-q2-update.win32_1.4.0.202007081208/tools/bin/../lib/gcc/arm-none-eabi/7.3.1/thumb/v7-m/crtbegin.o
 *(.text*)
 .text.main     0x0000000008000170       0xb4 Src/main.o
                0x0000000008000170                main
 .text.Reset_Handler
                0x0000000008000224       0x50 Startup/startup_stm32f103c6tx.o
                0x0000000008000224                Reset_Handler
 .text.Default_Handler
                0x0000000008000274        0x2 Startup/startup_stm32f103c6tx.o
                0x0000000008000274                TIM8_TRG_COM_IRQHandler
                0x0000000008000274                TIM8_CC_IRQHandler
                0x0000000008000274                DebugMon_Handler
                0x0000000008000274                TIM1_CC_IRQHandler
                0x0000000008000274                HardFault_Handler
                0x0000000008000274                TIM6_IRQHandler
                0x0000000008000274                SysTick_Handler
                0x0000000008000274                PVD_IRQHandler
                0x0000000008000274                SDIO_IRQHandler
                0x0000000008000274                PendSV_Handler
                0x0000000008000274                NMI_Handler
                0x0000000008000274                USB_HP_CAN_TX_IRQHandler
                0x0000000008000274                I2C2_EV_IRQHandler
                0x0000000008000274                UsageFault_Handler
                0x0000000008000274                ADC1_2_IRQHandler
                0x0000000008000274                SPI1_IRQHandler
                0x0000000008000274                CAN_SCE_IRQHandler
                0x0000000008000274                TAMPER_IRQHandler
                0x0000000008000274                TIM8_UP_IRQHandler
                0x0000000008000274                DMA2_Channel2_IRQHandler
                0x0000000008000274                DMA1_Channel4_IRQHandler
                0x0000000008000274                RTC_IRQHandler
                0x0000000008000274                DMA1_Channel7_IRQHandler
                0x0000000008000274                UART5_IRQHandler
                0x0000000008000274                ADC3_IRQHandler
                0x0000000008000274                TIM4_IRQHandler
                0x0000000008000274                CAN_RX1_IRQHandler
                0x0000000008000274                DMA2_Channel1_IRQHandler
                0x0000000008000274                I2C1_EV_IRQHandler
                0x0000000008000274                DMA1_Channel6_IRQHandler
                0x0000000008000274                UART4_IRQHandler
                0x0000000008000274                TIM3_IRQHandler
                0x0000000008000274                RCC_IRQHandler
                0x0000000008000274                TIM1_TRG_COM_IRQHandler
                0x0000000008000274                DMA1_Channel1_IRQHandler
                0x0000000008000274                Default_Handler
                0x0000000008000274                TIM7_IRQHandler
                0x0000000008000274                TIM5_IRQHandler
                0x0000000008000274                SPI2_IRQHandler
                0x0000000008000274                USB_LP_CAN_RX0_IRQHandler
                0x0000000008000274                MemManage_Handler
                0x0000000008000274                SVC_Handler
                0x0000000008000274                DMA1_Channel5_IRQHandler
                0x0000000008000274                DMA1_Channel3_IRQHandler
                0x0000000008000274                FSMC_IRQHandler
                0x0000000008000274                TIM1_UP_IRQHandler
                0x0000000008000274                WWDG_IRQHandler
                0x0000000008000274                TIM2_IRQHandler
                0x0000000008000274                TIM1_BRK_IRQHandler
                0x0000000008000274                RTCAlarm_IRQHandler
                0x0000000008000274                DMA2_Channel4_5_IRQHandler
                0x0000000008000274                I2C2_ER_IRQHandler
                0x0000000008000274                DMA1_Channel2_IRQHandler
                0x0000000008000274                TIM8_BRK_IRQHandler
                0x0000000008000274                FLASH_IRQHandler
                0x0000000008000274                BusFault_Handler
                0x0000000008000274                SPI3_IRQHandler
                0x0000000008000274                I2C1_ER_IRQHandler
                0x0000000008000274                DMA2_Channel3_IRQHandler
 *fill*         0x0000000008000276        0x2 
 .text.EXTI0_IRQHandler
                0x0000000008000278       0x24 Stm32_F103C8_Drivers/stm32f103x8_EXTI_driver.o
                0x0000000008000278                EXTI0_IRQHandler
 .text.EXTI1_IRQHandler
                0x000000000800029c       0x24 Stm32_F103C8_Drivers/stm32f103x8_EXTI_driver.o
                0x000000000800029c                EXTI1_IRQHandler
 .text.EXTI2_IRQHandler
                0x00000000080002c0       0x24 Stm32_F103C8_Drivers/stm32f103x8_EXTI_driver.o
                0x00000000080002c0                EXTI2_IRQHandler
 .text.EXTI3_IRQHandler
                0x00000000080002e4       0x24 Stm32_F103C8_Drivers/stm32f103x8_EXTI_driver.o
                0x00000000080002e4                EXTI3_IRQHandler
 .text.EXTI4_IRQHandler
                0x0000000008000308       0x24 Stm32_F103C8_Drivers/stm32f103x8_EXTI_driver.o
                0x0000000008000308                EXTI4_IRQHandler
 .text.EXTI9_5_IRQHandler
                0x000000000800032c       0xa8 Stm32_F103C8_Drivers/stm32f103x8_EXTI_driver.o
                0x000000000800032c                EXTI9_5_IRQHandler
 .text.EXTI15_10_IRQHandler
                0x00000000080003d4       0xc4 Stm32_F103C8_Drivers/stm32f103x8_EXTI_driver.o
                0x00000000080003d4                EXTI15_10_IRQHandler
 .text.USART1_IRQHandler
                0x0000000008000498       0x14 Stm32_F103C8_Drivers/stm32f103x8_USART_driver.o
                0x0000000008000498                USART1_IRQHandler
 .text.USART2_IRQHandler
                0x00000000080004ac       0x14 Stm32_F103C8_Drivers/stm32f103x8_USART_driver.o
                0x00000000080004ac                USART2_IRQHandler
 .text.USART3_IRQHandler
                0x00000000080004c0       0x14 Stm32_F103C8_Drivers/stm32f103x8_USART_driver.o
                0x00000000080004c0                USART3_IRQHandler
 .text.Get_CRLH_Position
                0x00000000080004d4       0xc6 Stm32_F103C8_Drivers/stm32f103x8_gpio_driver.o
                0x00000000080004d4                Get_CRLH_Position
 .text.MCAL_GPIO_Init
                0x000000000800059a      0x154 Stm32_F103C8_Drivers/stm32f103x8_gpio_driver.o
                0x000000000800059a                MCAL_GPIO_Init
 .text.MCAL_GPIO_ReadPin
                0x00000000080006ee       0x2e Stm32_F103C8_Drivers/stm32f103x8_gpio_driver.o
                0x00000000080006ee                MCAL_GPIO_ReadPin
 .text.MCAL_GPIO_TogglePin
                0x000000000800071c       0x22 Stm32_F103C8_Drivers/stm32f103x8_gpio_driver.o
                0x000000000800071c                MCAL_GPIO_TogglePin
 *fill*         0x000000000800073e        0x2 
 .text.__libc_init_array
                0x0000000008000740       0x48 c:/st/stm32cubeide_1.4.0/stm32cubeide/plugins/com.st.stm32cube.ide.mcu.externaltools.gnu-tools-for-stm32.7-2018-q2-update.win32_1.4.0.202007081208/tools/bin/../lib/gcc/arm-none-eabi/7.3.1/../../../../arm-none-eabi/lib/thumb/v7-m\libc_nano.a(lib_a-init.o)
                0x0000000008000740                __libc_init_array
 *(.glue_7)
 .glue_7        0x0000000008000788        0x0 linker stubs
 *(.glue_7t)
 .glue_7t       0x0000000008000788        0x0 linker stubs
 *(.eh_frame)
 .eh_frame      0x0000000008000788        0x0 c:/st/stm32cubeide_1.4.0/stm32cubeide/plugins/com.st.stm32cube.ide.mcu.externaltools.gnu-tools-for-stm32.7-2018-q2-update.win32_1.4.0.202007081208/tools/bin/../lib/gcc/arm-none-eabi/7.3.1/thumb/v7-m/crtbegin.o
 *(.init)
 .init          0x0000000008000788        0x4 c:/st/stm32cubeide_1.4.0/stm32cubeide/plugins/com.st.stm32cube.ide.mcu.externaltools.gnu-tools-for-stm32.7-2018-q2-update.win32_1.4.0.202007081208/tools/bin/../lib/gcc/arm-none-eabi/7.3.1/thumb/v7-m/crti.o
                0x0000000008000788                _init
 .init          0x000000000800078c        0x8 c:/st/stm32cubeide_1.4.0/stm32cubeide/plugins/com.st.stm32cube.ide.mcu.externaltools.gnu-tools-for-stm32.7-2018-q2-update.win32_1.4.0.202007081208/tools/bin/../lib/gcc/arm-none-eabi/7.3.1/thumb/v7-m/crtn.o
 *(.fini)
 .fini          0x0000000008000794        0x4 c:/st/stm32cubeide_1.4.0/stm32cubeide/plugins/com.st.stm32cube.ide.mcu.externaltools.gnu-tools-for-stm32.7-2018-q2-update.win32_1.4.0.202007081208/tools/bin/../lib/gcc/arm-none-eabi/7.3.1/thumb/v7-m/crti.o
                0x0000000008000794                _fini
 .fini          0x0000000008000798        0x8 c:/st/stm32cubeide_1.4.0/stm32cubeide/plugins/com.st.stm32cube.ide.mcu.externaltools.gnu-tools-for-stm32.7-2018-q2-update.win32_1.4.0.202007081208/tools/bin/../lib/gcc/arm-none-eabi/7.3.1/thumb/v7-m/crtn.o
                0x00000000080007a0                . = ALIGN (0x4)
                0x00000000080007a0                _etext = .

.vfp11_veneer   0x00000000080007a0        0x0
 .vfp11_veneer  0x00000000080007a0        0x0 linker stubs

.v4_bx          0x00000000080007a0        0x0
 .v4_bx         0x00000000080007a0        0x0 linker stubs

.iplt           0x00000000080007a0        0x0
 .iplt          0x00000000080007a0        0x0 c:/st/stm32cubeide_1.4.0/stm32cubeide/plugins/com.st.stm32cube.ide.mcu.externaltools.gnu-tools-for-stm32.7-2018-q2-update.win32_1.4.0.202007081208/tools/bin/../lib/gcc/arm-none-eabi/7.3.1/thumb/v7-m/crtbegin.o

.rel.dyn        0x00000000080007a0        0x0
 .rel.iplt      0x00000000080007a0        0x0 c:/st/stm32cubeide_1.4.0/stm32cubeide/plugins/com.st.stm32cube.ide.mcu.externaltools.gnu-tools-for-stm32.7-2018-q2-update.win32_1.4.0.202007081208/tools/bin/../lib/gcc/arm-none-eabi/7.3.1/thumb/v7-m/crtbegin.o

.rodata         0x00000000080007a0        0x0
                0x00000000080007a0                . = ALIGN (0x4)
 *(.rodata)
 *(.rodata*)
                0x00000000080007a0                . = ALIGN (0x4)

.ARM.extab      0x00000000080007a0        0x0
                0x00000000080007a0                . = ALIGN (0x4)
 *(.ARM.extab* .gnu.linkonce.armextab.*)
                0x00000000080007a0                . = ALIGN (0x4)

.ARM            0x00000000080007a0        0x0
                0x00000000080007a0                . = ALIGN (0x4)
                0x00000000080007a0                __exidx_start = .
 *(.ARM.exidx*)
                0x00000000080007a0                __exidx_end = .
                0x00000000080007a0                . = ALIGN (0x4)

.preinit_array  0x00000000080007a0        0x0
                0x00000000080007a0                . = ALIGN (0x4)
                0x00000000080007a0                PROVIDE (__preinit_array_start = .)
 *(.preinit_array*)
                0x00000000080007a0                PROVIDE (__preinit_array_end = .)
                0x00000000080007a0                . = ALIGN (0x4)

.init_array     0x00000000080007a0        0x4
                0x00000000080007a0                . = ALIGN (0x4)
                0x00000000080007a0                PROVIDE (__init_array_start = .)
 *(SORT_BY_NAME(.init_array.*))
 *(.init_array*)
 .init_array    0x00000000080007a0        0x4 c:/st/stm32cubeide_1.4.0/stm32cubeide/plugins/com.st.stm32cube.ide.mcu.externaltools.gnu-tools-for-stm32.7-2018-q2-update.win32_1.4.0.202007081208/tools/bin/../lib/gcc/arm-none-eabi/7.3.1/thumb/v7-m/crtbegin.o
                0x00000000080007a4                PROVIDE (__init_array_end = .)
                0x00000000080007a4                . = ALIGN (0x4)

.fini_array     0x00000000080007a4        0x4
                0x00000000080007a4                . = ALIGN (0x4)
                [!provide]                        PROVIDE (__fini_array_start = .)
 *(SORT_BY_NAME(.fini_array.*))
 *(.fini_array*)
 .fini_array    0x00000000080007a4        0x4 c:/st/stm32cubeide_1.4.0/stm32cubeide/plugins/com.st.stm32cube.ide.mcu.externaltools.gnu-tools-for-stm32.7-2018-q2-update.win32_1.4.0.202007081208/tools/bin/../lib/gcc/arm-none-eabi/7.3.1/thumb/v7-m/crtbegin.o
                [!provide]                        PROVIDE (__fini_array_end = .)
                0x00000000080007a8                . = ALIGN (0x4)
                0x00000000080007a8                _sidata = LOADADDR (.data)

.data           0x0000000020000000        0x0 load address 0x00000000080007a8
                0x0000000020000000                . = ALIGN (0x4)
                0x0000000020000000                _sdata = .
 *(.data)
 *(.data*)
                0x0000000020000000                . = ALIGN (0x4)
                0x0000000020000000                _edata = .

.igot.plt       0x0000000020000000        0x0 load address 0x00000000080007a8
 .igot.plt      0x0000000020000000        0x0 c:/st/stm32cubeide_1.4.0/stm32cubeide/plugins/com.st.stm32cube.ide.mcu.externaltools.gnu-tools-for-stm32.7-2018-q2-update.win32_1.4.0.202007081208/tools/bin/../lib/gcc/arm-none-eabi/7.3.1/thumb/v7-m/crtbegin.o
                0x0000000020000000                . = ALIGN (0x4)

.bss            0x0000000020000000       0x5c load address 0x00000000080007a8
                0x0000000020000000                _sbss = .
                0x0000000020000000                __bss_start__ = _sbss
 *(.bss)
 .bss           0x0000000020000000       0x1c c:/st/stm32cubeide_1.4.0/stm32cubeide/plugins/com.st.stm32cube.ide.mcu.externaltools.gnu-tools-for-stm32.7-2018-q2-update.win32_1.4.0.202007081208/tools/bin/../lib/gcc/arm-none-eabi/7.3.1/thumb/v7-m/crtbegin.o
 *(.bss*)
 .bss.Global_UART_Config
                0x000000002000001c        0x4 Stm32_F103C8_Drivers/stm32f103x8_USART_driver.o
                0x000000002000001c                Global_UART_Config
 *(COMMON)
 COMMON         0x0000000020000020       0x3c Stm32_F103C8_Drivers/stm32f103x8_EXTI_driver.o
                0x0000000020000020                GP_IRQ_CallBack
                0x000000002000005c                . = ALIGN (0x4)
                0x000000002000005c                _ebss = .
                0x000000002000005c                __bss_end__ = _ebss

._user_heap_stack
                0x000000002000005c      0x604 load address 0x00000000080007a8
                0x0000000020000060                . = ALIGN (0x8)
 *fill*         0x000000002000005c        0x4 
                [!provide]                        PROVIDE (end = .)
                0x0000000020000060                PROVIDE (_end = .)
                0x0000000020000260                . = (. + _Min_Heap_Size)
 *fill*         0x0000000020000060      0x200 
                0x0000000020000660                . = (. + _Min_Stack_Size)
 *fill*         0x0000000020000260      0x400 
                0x0000000020000660                . = ALIGN (0x8)

/DISCARD/
 libc.a(*)
 libm.a(*)
 libgcc.a(*)

.ARM.attributes
                0x0000000000000000       0x29
 *(.ARM.attributes)
 .ARM.attributes
                0x0000000000000000       0x1d c:/st/stm32cubeide_1.4.0/stm32cubeide/plugins/com.st.stm32cube.ide.mcu.externaltools.gnu-tools-for-stm32.7-2018-q2-update.win32_1.4.0.202007081208/tools/bin/../lib/gcc/arm-none-eabi/7.3.1/thumb/v7-m/crti.o
 .ARM.attributes
                0x000000000000001d       0x2d c:/st/stm32cubeide_1.4.0/stm32cubeide/plugins/com.st.stm32cube.ide.mcu.externaltools.gnu-tools-for-stm32.7-2018-q2-update.win32_1.4.0.202007081208/tools/bin/../lib/gcc/arm-none-eabi/7.3.1/thumb/v7-m/crtbegin.o
 .ARM.attributes
                0x000000000000004a       0x33 Src/main.o
 .ARM.attributes
                0x000000000000007d       0x21 Startup/startup_stm32f103c6tx.o
 .ARM.attributes
                0x000000000000009e       0x33 Stm32_F103C8_Drivers/stm32f103x8_EXTI_driver.o
 .ARM.attributes
                0x00000000000000d1       0x33 Stm32_F103C8_Drivers/stm32f103x8_USART_driver.o
 .ARM.attributes
                0x0000000000000104       0x33 Stm32_F103C8_Drivers/stm32f103x8_gpio_driver.o
 .ARM.attributes
                0x0000000000000137       0x2d c:/st/stm32cubeide_1.4.0/stm32cubeide/plugins/com.st.stm32cube.ide.mcu.externaltools.gnu-tools-for-stm32.7-2018-q2-update.win32_1.4.0.202007081208/tools/bin/../lib/gcc/arm-none-eabi/7.3.1/../../../../arm-none-eabi/lib/thumb/v7-m\libc_nano.a(lib_a-init.o)
 .ARM.attributes
                0x0000000000000164       0x1d c:/st/stm32cubeide_1.4.0/stm32cubeide/plugins/com.st.stm32cube.ide.mcu.externaltools.gnu-tools-for-stm32.7-2018-q2-update.win32_1.4.0.202007081208/tools/bin/../lib/gcc/arm-none-eabi/7.3.1/thumb/v7-m/crtn.o
OUTPUT(unit7_lesson3.elf elf32-littlearm)

.debug_info     0x0000000000000000     0x2fb4
 .debug_info    0x0000000000000000      0xa42 Src/main.o
 .debug_info    0x0000000000000a42       0x22 Startup/startup_stm32f103c6tx.o
 .debug_info    0x0000000000000a64      0xc59 Stm32_F103C8_Drivers/stm32f103x8_EXTI_driver.o
 .debug_info    0x00000000000016bd      0xcc1 Stm32_F103C8_Drivers/stm32f103x8_USART_driver.o
 .debug_info    0x000000000000237e      0xc36 Stm32_F103C8_Drivers/stm32f103x8_gpio_driver.o

.debug_abbrev   0x0000000000000000      0x846
 .debug_abbrev  0x0000000000000000      0x18c Src/main.o
 .debug_abbrev  0x000000000000018c       0x12 Startup/startup_stm32f103c6tx.o
 .debug_abbrev  0x000000000000019e      0x21d Stm32_F103C8_Drivers/stm32f103x8_EXTI_driver.o
 .debug_abbrev  0x00000000000003bb      0x24c Stm32_F103C8_Drivers/stm32f103x8_USART_driver.o
 .debug_abbrev  0x0000000000000607      0x23f Stm32_F103C8_Drivers/stm32f103x8_gpio_driver.o

.debug_aranges  0x0000000000000000      0x188
 .debug_aranges
                0x0000000000000000       0x20 Src/main.o
 .debug_aranges
                0x0000000000000020       0x28 Startup/startup_stm32f103c6tx.o
 .debug_aranges
                0x0000000000000048       0x80 Stm32_F103C8_Drivers/stm32f103x8_EXTI_driver.o
 .debug_aranges
                0x00000000000000c8       0x60 Stm32_F103C8_Drivers/stm32f103x8_USART_driver.o
 .debug_aranges
                0x0000000000000128       0x60 Stm32_F103C8_Drivers/stm32f103x8_gpio_driver.o

.debug_ranges   0x0000000000000000      0x140
 .debug_ranges  0x0000000000000000       0x10 Src/main.o
 .debug_ranges  0x0000000000000010       0x20 Startup/startup_stm32f103c6tx.o
 .debug_ranges  0x0000000000000030       0x70 Stm32_F103C8_Drivers/stm32f103x8_EXTI_driver.o
 .debug_ranges  0x00000000000000a0       0x50 Stm32_F103C8_Drivers/stm32f103x8_USART_driver.o
 .debug_ranges  0x00000000000000f0       0x50 Stm32_F103C8_Drivers/stm32f103x8_gpio_driver.o

.debug_macro    0x0000000000000000     0x2331
 .debug_macro   0x0000000000000000      0x13f Src/main.o
 .debug_macro   0x000000000000013f      0xa60 Src/main.o
 .debug_macro   0x0000000000000b9f       0x18 Src/main.o
 .debug_macro   0x0000000000000bb7       0x22 Src/main.o
 .debug_macro   0x0000000000000bd9       0x40 Src/main.o
 .debug_macro   0x0000000000000c19       0x94 Src/main.o
 .debug_macro   0x0000000000000cad       0x3c Src/main.o
 .debug_macro   0x0000000000000ce9       0x34 Src/main.o
 .debug_macro   0x0000000000000d1d       0x16 Src/main.o
 .debug_macro   0x0000000000000d33      0x10e Src/main.o
 .debug_macro   0x0000000000000e41       0x8d Src/main.o
 .debug_macro   0x0000000000000ece       0x57 Src/main.o
 .debug_macro   0x0000000000000f25       0x52 Src/main.o
 .debug_macro   0x0000000000000f77       0x1f Src/main.o
 .debug_macro   0x0000000000000f96       0x43 Src/main.o
 .debug_macro   0x0000000000000fd9       0x20 Src/main.o
 .debug_macro   0x0000000000000ff9      0x1a3 Src/main.o
 .debug_macro   0x000000000000119c      0x330 Src/main.o
 .debug_macro   0x00000000000014cc       0x16 Src/main.o
 .debug_macro   0x00000000000014e2       0x29 Src/main.o
 .debug_macro   0x000000000000150b       0xef Src/main.o
 .debug_macro   0x00000000000015fa       0x6a Src/main.o
 .debug_macro   0x0000000000001664      0x1df Src/main.o
 .debug_macro   0x0000000000001843      0x240 Src/main.o
 .debug_macro   0x0000000000001a83       0xd0 Src/main.o
 .debug_macro   0x0000000000001b53      0x152 Stm32_F103C8_Drivers/stm32f103x8_EXTI_driver.o
 .debug_macro   0x0000000000001ca5       0xd6 Stm32_F103C8_Drivers/stm32f103x8_EXTI_driver.o
 .debug_macro   0x0000000000001d7b      0x228 Stm32_F103C8_Drivers/stm32f103x8_EXTI_driver.o
 .debug_macro   0x0000000000001fa3      0x151 Stm32_F103C8_Drivers/stm32f103x8_USART_driver.o
 .debug_macro   0x00000000000020f4       0x16 Stm32_F103C8_Drivers/stm32f103x8_USART_driver.o
 .debug_macro   0x000000000000210a       0xe8 Stm32_F103C8_Drivers/stm32f103x8_USART_driver.o
 .debug_macro   0x00000000000021f2      0x13f Stm32_F103C8_Drivers/stm32f103x8_gpio_driver.o

.debug_line     0x0000000000000000     0x1a60
 .debug_line    0x0000000000000000      0x560 Src/main.o
 .debug_line    0x0000000000000560       0x84 Startup/startup_stm32f103c6tx.o
 .debug_line    0x00000000000005e4      0x734 Stm32_F103C8_Drivers/stm32f103x8_EXTI_driver.o
 .debug_line    0x0000000000000d18      0x6b5 Stm32_F103C8_Drivers/stm32f103x8_USART_driver.o
 .debug_line    0x00000000000013cd      0x693 Stm32_F103C8_Drivers/stm32f103x8_gpio_driver.o

.debug_str      0x0000000000000000     0x9d37
 .debug_str     0x0000000000000000     0x7e0c Src/main.o
                                       0x806d (size before relaxing)
 .debug_str     0x0000000000007e0c       0x31 Startup/startup_stm32f103c6tx.o
                                         0x66 (size before relaxing)
 .debug_str     0x0000000000007e3d     0x15b9 Stm32_F103C8_Drivers/stm32f103x8_EXTI_driver.o
                                       0x95cf (size before relaxing)
 .debug_str     0x00000000000093f6      0x826 Stm32_F103C8_Drivers/stm32f103x8_USART_driver.o
                                       0x889b (size before relaxing)
 .debug_str     0x0000000000009c1c      0x11b Stm32_F103C8_Drivers/stm32f103x8_gpio_driver.o
                                       0x8178 (size before relaxing)

.comment        0x0000000000000000       0x7b
 .comment       0x0000000000000000       0x7b Src/main.o
                                         0x7c (size before relaxing)
 .comment       0x000000000000007b       0x7c Stm32_F103C8_Drivers/stm32f103x8_EXTI_driver.o
 .comment       0x000000000000007b       0x7c Stm32_F103C8_Drivers/stm32f103x8_USART_driver.o
 .comment       0x000000000000007b       0x7c Stm32_F103C8_Drivers/stm32f103x8_gpio_driver.o

.debug_frame    0x0000000000000000      0x4d0
 .debug_frame   0x0000000000000000       0x30 Src/main.o
 .debug_frame   0x0000000000000030      0x1b0 Stm32_F103C8_Drivers/stm32f103x8_EXTI_driver.o
 .debug_frame   0x00000000000001e0      0x14c Stm32_F103C8_Drivers/stm32f103x8_USART_driver.o
 .debug_frame   0x000000000000032c      0x178 Stm32_F103C8_Drivers/stm32f103x8_gpio_driver.o
 .debug_frame   0x00000000000004a4       0x2c c:/st/stm32cubeide_1.4.0/stm32cubeide/plugins/com.st.stm32cube.ide.mcu.externaltools.gnu-tools-for-stm32.7-2018-q2-update.win32_1.4.0.202007081208/tools/bin/../lib/gcc/arm-none-eabi/7.3.1/../../../../arm-none-eabi/lib/thumb/v7-m\libc_nano.a(lib_a-init.o)
